src/app/auth/sign-in/page.tsx(35,12): error TS17008: JSX element 'Suspense' has no corresponding closing tag.
src/app/auth/sign-in/page.tsx(84,1): error TS1381: Unexpected token. Did you mean `{'}'}` or `&rbrace;`?
src/app/auth/sign-in/page.tsx(89,1): error TS1005: '</' expected.
